
> innovate-saudi-app@0.0.0 build
> vite build

[36mvite v6.3.6 [32mbuilding for production...[36m[39m
[baseline-browser-mapping] The data in this module is over two months old.  To ensure accurate Baseline data, please update: `npm i baseline-browser-mapping@latest -D`
transforming...

/grid.svg referenced in /grid.svg didn't resolve at build time, it will remain unchanged to be resolved at runtime
[32mÔ£ô[39m 5213 modules transformed.
Ô£ù Build failed in 12.25s
error during build:
[vite:load-fallback] Could not load C:\Users\alqah\innovate-saudi\src/lib/LanguageContext (imported by src/components/DeadlineAlerts.jsx): ENOENT: no such file or directory, open 'C:\Users\alqah\innovate-saudi\src\lib\LanguageContext'
    at async open (node:internal/fs/promises:638:25)
    at async Object.readFile (node:internal/fs/promises:1242:14)
    at async Object.handler (file:///C:/Users/alqah/innovate-saudi/node_modules/vite/dist/node/chunks/dep-Bu492Fnd.js:45861:27)
    at async PluginDriver.hookFirstAndGetPlugin (file:///C:/Users/alqah/innovate-saudi/node_modules/rollup/dist/es/shared/node-entry.js:22327:28)
    at async file:///C:/Users/alqah/innovate-saudi/node_modules/rollup/dist/es/shared/node-entry.js:21327:33
    at async Queue.work (file:///C:/Users/alqah/innovate-saudi/node_modules/rollup/dist/es/shared/node-entry.js:22555:32)
